// Jest Snapshot v1, https://goo.gl/fbAQLP

exports[`Snapshot renderer 1`] = `
<div
  style={
    Object {
      "opacity": 0,
    }
  }
/>
`;
