// Jest Snapshot v1, https://goo.gl/fbAQLP

exports[`Renders add new messages 1`] = `
<div
  className="sc-hiKfjK kmjzEC"
  height="450px"
  width="280px"
>
  <div
    className="sc-gXfWUo cTZZDr"
  >
    <div
      className="sc-cBoprd hXbwCO"
    >
      <h2>
        Notificações recentes
      </h2>
    </div>
    <div
      className="sc-ciSmjq jLvfax"
      onClick={[Function]}
    >
       - 
    </div>
  </div>
  <div
    className="sc-jcwofb sc-carGAA kNhOZX gXYsNS"
  />
</div>
`;
